2026-05-07 13:26:14 | INFO     | __main__ | Loading raw data from data/NIFTY 50_30minute.csv
2026-05-07 13:26:14 | INFO     | src.feature_engineering | Building features for 'close' | 36047 rows | ohlc=True.
2026-05-07 13:26:15 | WARNING  | src.feature_engineering | session_cyclic_features: DatetimeIndex is tz-naive. Assuming timestamps are already in Asia/Kolkata. If your data is UTC or another timezone, localize before calling: index = index.tz_localize('UTC').tz_convert('Asia/Kolkata')
2026-05-07 13:26:15 | INFO     | src.feature_engineering | Feature matrix built: shape=(36047, 21) | NaN count=11675
2026-05-07 13:26:15 | INFO     | __main__ | NaN counts per column:
ewma_vol_span260          59
ret_norm_1d               59
ret_norm_3d               59
ret_norm_6d               59
ret_norm_13d              59
ret_norm_26d              59
ret_norm_65d              65
ret_norm_130d            130
ret_norm_260d            260
macd_8_24               3534
macd_26_78              3534
macd_52_156             3534
vs_factor_span260         59
feat_efficiency           26
feat_icp                  12
feat_momentum_rsi         14
feat_vol_asymmetry       124
feat_local_structure       0
feat_session_sin           0
feat_session_cos           0
feat_vol_squeeze          29
dtype: int64
2026-05-07 13:26:15 | INFO     | __main__ | Features built: 36047 rows -> 32408 rows after dropna
2026-05-07 13:26:15 | INFO     | __main__ | Final aligned dataset: 20460 features, 20460 targets
2026-05-07 13:26:15 | INFO     | __main__ | ============================================================
2026-05-07 13:26:15 | INFO     | __main__ | WFO START | train=6m | test=2m | step=1m
2026-05-07 13:26:15 | INFO     | __main__ | ============================================================
2026-05-07 13:26:15 | INFO     | __main__ | --- FOLD 1 | Train: 2016-02-16→2016-08-16 | Test: 2016-08-16→2016-10-16 ---
2026-05-07 13:26:15 | INFO     | __main__ | [Fold 1] Regime detected: random_walk
2026-05-07 13:26:15 | INFO     | src.gp_engine | [Fold 1] Initialising GP Engine | regime=random_walk ...
2026-05-07 13:26:15 | INFO     | src.gp_engine | [Fold 1] Fitness weights | pearson=0.70 | direction=0.30
2026-05-07 13:26:15 | INFO     | src.gp_engine | [Fold 1] Regime HP | parsimony=(0.0010, 0.0005, 0.0030) | crossover=0.6000 | depth_max=8
2026-05-07 13:26:15 | INFO     | src.gp_engine | [Fold 1] No seeds — starting phased cold-start evolution.
2026-05-07 13:26:26 | INFO     | src.gp_engine | [Fold 1] Best formula: or(neg(if_then(macd_26_78, feat_local_structure, ret_norm_65d)), sub(macd_8_24, abs(lt(lt(abs(macd_52_156), div(0.316, ret_norm_3d)), ret_norm_1d))))
2026-05-07 13:26:26 | INFO     | __main__ | [Fold 1] Signal OK — unique_ratio=0.9965 | norm_entropy=0.8587 | long_cov=0.150 | short_cov=0.150 | Thresholds → Buy: 1.1019 | Sell: -0.5197
2026-05-07 13:26:34 | INFO     | __main__ | [Fold 1] ✓ SURVIVOR | Return: 6.74% | Sharpe: 13.64
2026-05-07 13:26:34 | INFO     | src.gp_engine | Extracted 600 elite programs (pool size=3000).
2026-05-07 13:26:35 | INFO     | __main__ | [Fold 1] HARD WIN — 600 seeds → fold 2.
2026-05-07 13:26:35 | INFO     | __main__ | --- FOLD 2 | Train: 2016-03-16→2016-09-16 | Test: 2016-09-16→2016-11-16 ---
2026-05-07 13:26:35 | INFO     | __main__ | [Fold 2] Regime detected: trending_random_walk
2026-05-07 13:26:35 | INFO     | __main__ | [Fold 2] Regime family flip random_walk→trending_random_walk — discarding seeds.
2026-05-07 13:26:35 | INFO     | src.gp_engine | [Fold 2] Initialising GP Engine | regime=trending_random_walk ...
2026-05-07 13:26:35 | INFO     | src.gp_engine | [Fold 2] Fitness weights | pearson=0.70 | direction=0.30
2026-05-07 13:26:35 | INFO     | src.gp_engine | [Fold 2] Regime HP | parsimony=(0.0000, 0.0010, 0.0040) | crossover=0.6500 | depth_max=7
2026-05-07 13:26:35 | INFO     | src.gp_engine | [Fold 2] No seeds — starting phased cold-start evolution.
2026-05-07 13:26:46 | INFO     | src.gp_engine | [Fold 2] Best formula: gt(-0.029, add(neg(abs(ret_norm_26d)), sub(feat_local_structure, lt(max(div(and(macd_8_24, ret_norm_65d), abs(macd_8_24)), feat_vol_asymmetry), feat_vol_asymmetry))))
2026-05-07 13:26:46 | INFO     | __main__ | [Fold 2] Signal OK — unique_ratio=0.7915 | norm_entropy=0.5846 | long_cov=0.150 | short_cov=0.150 | Thresholds → Buy: 0.9999 | Sell: -0.9980
2026-05-07 13:26:46 | INFO     | __main__ | [Fold 2] ✓ SURVIVOR | Return: 8.33% | Sharpe: 12.92
2026-05-07 13:26:46 | INFO     | src.gp_engine | Extracted 600 elite programs (pool size=3000).
2026-05-07 13:26:47 | INFO     | __main__ | [Fold 2] HARD WIN — 600 seeds → fold 3.
2026-05-07 13:26:47 | INFO     | __main__ | --- FOLD 3 | Train: 2016-04-16→2016-10-16 | Test: 2016-10-16→2016-12-16 ---
2026-05-07 13:26:47 | INFO     | __main__ | [Fold 3] Regime detected: mean_reverting
2026-05-07 13:26:47 | INFO     | __main__ | [Fold 3] Regime family flip trending_random_walk→mean_reverting — discarding seeds.
2026-05-07 13:26:47 | INFO     | src.gp_engine | [Fold 3] Initialising GP Engine | regime=mean_reverting ...
2026-05-07 13:26:47 | INFO     | src.gp_engine | [Fold 3] Fitness weights | pearson=0.70 | direction=0.30
2026-05-07 13:26:47 | INFO     | src.gp_engine | [Fold 3] Regime HP | parsimony=(0.0010, 0.0030, 0.0080) | crossover=0.5500 | depth_max=6
2026-05-07 13:26:47 | INFO     | src.gp_engine | [Fold 3] No seeds — starting phased cold-start evolution.
2026-05-07 13:26:54 | INFO     | src.gp_engine | [Fold 3] Best formula: lt(macd_26_78, lt(and(macd_52_156, ret_norm_26d), ewma_vol_span260))
2026-05-07 13:26:54 | INFO     | __main__ | [Fold 3] Signal OK — unique_ratio=0.5212 | norm_entropy=0.4715 | long_cov=0.150 | short_cov=0.152 | Thresholds → Buy: 0.9998 | Sell: -1.0000
2026-05-07 13:26:54 | INFO     | src.gp_engine | Extracted 600 elite programs (pool size=3000).
2026-05-07 13:26:55 | INFO     | __main__ | [Fold 3] SOFT PASS (Sharpe=0.98) — decayed to 300 seeds → fold 4.
2026-05-07 13:26:55 | INFO     | __main__ | --- FOLD 4 | Train: 2016-05-16→2016-11-16 | Test: 2016-11-16→2017-01-16 ---
2026-05-07 13:26:55 | INFO     | __main__ | [Fold 4] Regime detected: mean_reverting
2026-05-07 13:26:55 | INFO     | src.gp_engine | [Fold 4] Initialising GP Engine | regime=mean_reverting ...
2026-05-07 13:26:55 | INFO     | src.gp_engine | [Fold 4] Fitness weights | pearson=0.70 | direction=0.30
2026-05-07 13:26:55 | INFO     | src.gp_engine | [Fold 4] Regime HP | parsimony=(0.0010, 0.0030, 0.0080) | crossover=0.5500 | depth_max=6
2026-05-07 13:26:55 | INFO     | src.gp_engine | [Fold 4] Starting 3-Phase Seeded Run...
2026-05-07 13:26:59 | INFO     | src.gp_engine | [Fold 4] Injecting 300 seeds into Gen 14 population.
2026-05-07 13:26:59 | INFO     | src.gp_engine | [Fold 4] Population sanitized — n_features=21. Patched 0 terminals.
2026-05-07 13:27:06 | INFO     | src.gp_engine | [Fold 4] Best formula: lt(and(vs_factor_span260, and(ret_norm_26d, min(macd_26_78, 0.528))), feat_momentum_rsi)
2026-05-07 13:27:06 | INFO     | __main__ | [Fold 4] Signal OK — unique_ratio=0.9608 | norm_entropy=0.8569 | long_cov=0.150 | short_cov=0.150 | Thresholds → Buy: 0.9955 | Sell: -0.5238
2026-05-07 13:27:06 | INFO     | __main__ | [Fold 4] HARD FAIL — cold start next fold.
2026-05-07 13:27:06 | INFO     | __main__ | --- FOLD 5 | Train: 2016-06-16→2016-12-16 | Test: 2016-12-16→2017-02-16 ---
2026-05-07 13:27:06 | INFO     | __main__ | [Fold 5] ROTATION — 'feat_vol_asymmetry' excluded.
2026-05-07 13:27:06 | INFO     | __main__ | [Fold 5] Regime detected: mean_reverting
2026-05-07 13:27:06 | INFO     | src.gp_engine | [Fold 5] Initialising GP Engine | regime=mean_reverting ...
2026-05-07 13:27:06 | INFO     | src.gp_engine | [Fold 5] Fitness weights | pearson=0.70 | direction=0.30
2026-05-07 13:27:06 | INFO     | src.gp_engine | [Fold 5] Regime HP | parsimony=(0.0010, 0.0030, 0.0080) | crossover=0.5500 | depth_max=6
2026-05-07 13:27:06 | INFO     | src.gp_engine | [Fold 5] No seeds — starting phased cold-start evolution.
2026-05-07 13:27:16 | INFO     | src.gp_engine | [Fold 5] Best formula: neg(min(abs(add(macd_52_156, feat_icp)), and(gt(macd_26_78, and(ewma_vol_span260, macd_52_156)), or(feat_icp, feat_momentum_rsi))))
2026-05-07 13:27:16 | INFO     | __main__ | [Fold 5] Signal OK — unique_ratio=0.9933 | norm_entropy=0.8907 | long_cov=0.150 | short_cov=0.150 | Thresholds → Buy: 0.7770 | Sell: -0.3115
Generating Asymmetric TBM targets
  [schema=tbm_first_touch_v2, mode=first_touch_class, ATR(14), TP_mult=3.8, SL_mult=1.6, max_hold=96]
  ATR warmup rows dropped: 13 (first 14 bars)
  Dropping whipsaw rows (Both-SL + Wide-Candle): 11852
Target generation complete.
  Scored rows: 20460 | Valid: 20460
  Label distribution → Long: 10958 | Short: 9394 | Neutral: 108
  Event distribution → Timeout: 1 | Ambiguous: 11
                        Both TP: 0 | Both SL: 0 (dropped)
                        Wide Candle: 0 (dropped)
                        Long SL only: 24 | Short SL only: 72
    |   Population Average    |             Best Individual              |
---- ------------------------- ------------------------------------------ ----------
 Gen   Length          Fitness   Length          Fitness      OOB Fitness  Time Left
   0    82.52        0.0914038       32         0.331006         0.331006      1.08m
    |   Population Average    |             Best Individual              |
---- ------------------------- ------------------------------------------ ----------
 Gen   Length          Fitness   Length          Fitness      OOB Fitness  Time Left
   1    10.13         0.211259       27         0.465345         0.465345      1.82m
    |   Population Average    |             Best Individual              |
---- ------------------------- ------------------------------------------ ----------
 Gen   Length          Fitness   Length          Fitness      OOB Fitness  Time Left
   2    14.75         0.281873       17         0.507837         0.507837      2.84m

[Fold 1] Best Formula: or(neg(if_then(macd_26_78, feat_local_structure, ret_norm_65d)), sub(macd_8_24, abs(lt(lt(abs(macd_52_156), div(0.316, ret_norm_3d)), ret_norm_1d))))
Predicting signals on Out-of-Sample data...
-> OOS raw signal coverage | Longs: 67 | Shorts: 55 | Total: 39.7% | TP/SL: 3.8/1.6
-> Executable OOS coverage | Longs: 64 | Shorts: 55 | Total: 38.8%
Running VectorBT backtest (fixed ATR barriers, no trailing stop)...

--- Out-of-Sample Results ---
Total Return [%]     6.739039
Max Drawdown [%]     1.558811
Win Rate [%]        71.428571
Sharpe Ratio        13.636458
dtype: object
    |   Population Average    |             Best Individual              |
---- ------------------------- ------------------------------------------ ----------
 Gen   Length          Fitness   Length          Fitness      OOB Fitness  Time Left
   0    54.60        0.0787434       29         0.455603         0.455603     58.05s
    |   Population Average    |             Best Individual              |
---- ------------------------- ------------------------------------------ ----------
 Gen   Length          Fitness   Length          Fitness      OOB Fitness  Time Left
   1    36.66         0.238612       31         0.517547         0.517547      2.18m
    |   Population Average    |             Best Individual              |
---- ------------------------- ------------------------------------------ ----------
 Gen   Length          Fitness   Length          Fitness      OOB Fitness  Time Left
   2    22.77         0.324947       18         0.531143         0.531143      3.19m

[Fold 2] Best Formula: gt(-0.029, add(neg(abs(ret_norm_26d)), sub(feat_local_structure, lt(max(div(and(macd_8_24, ret_norm_65d), abs(macd_8_24)), feat_vol_asymmetry), feat_vol_asymmetry))))
Predicting signals on Out-of-Sample data...
-> OOS raw signal coverage | Longs: 97 | Shorts: 36 | Total: 41.4% | TP/SL: 3.8/1.6
-> Executable OOS coverage | Longs: 94 | Shorts: 36 | Total: 40.5%
Running VectorBT backtest (fixed ATR barriers, no trailing stop)...

--- Out-of-Sample Results ---
Total Return [%]     8.332551
Max Drawdown [%]     1.669344
Win Rate [%]        58.823529
Sharpe Ratio        12.918607
dtype: object
    |   Population Average    |             Best Individual              |
---- ------------------------- ------------------------------------------ ----------
 Gen   Length          Fitness   Length          Fitness      OOB Fitness  Time Left
   0    34.20        0.0726016       32         0.472623         0.472623     40.85s
    |   Population Average    |             Best Individual              |
---- ------------------------- ------------------------------------------ ----------
 Gen   Length          Fitness   Length          Fitness      OOB Fitness  Time Left
   1    11.63         0.251677       32         0.504911         0.504911      1.55m
    |   Population Average    |             Best Individual              |
---- ------------------------- ------------------------------------------ ----------
 Gen   Length          Fitness   Length          Fitness      OOB Fitness  Time Left
   2     4.85         0.259618        7         0.514962         0.514962      2.14m

[Fold 3] Best Formula: lt(macd_26_78, lt(and(macd_52_156, ret_norm_26d), ewma_vol_span260))
Predicting signals on Out-of-Sample data...
-> OOS raw signal coverage | Longs: 62 | Shorts: 64 | Total: 34.4% | TP/SL: 3.8/1.6
-> Executable OOS coverage | Longs: 53 | Shorts: 64 | Total: 32.0%
Running VectorBT backtest (fixed ATR barriers, no trailing stop)...

--- Out-of-Sample Results ---
Total Return [%]     0.605069
Max Drawdown [%]     3.400949
Win Rate [%]        36.363636
Sharpe Ratio         0.983518
dtype: object
    |   Population Average    |             Best Individual              |
---- ------------------------- ------------------------------------------ ----------
 Gen   Length          Fitness   Length          Fitness      OOB Fitness  Time Left
   0    34.51        0.0877384       72         0.455779         0.455779     53.20s
    |   Population Average    |             Best Individual              |
---- ------------------------- ------------------------------------------ ----------
 Gen   Length          Fitness   Length          Fitness      OOB Fitness  Time Left
   1     5.23         0.178529        7         0.451226         0.451226      2.05m
    |   Population Average    |             Best Individual              |
---- ------------------------- ------------------------------------------ ----------
 Gen   Length          Fitness   Length          Fitness      OOB Fitness  Time Left
   2     5.37         0.215026        9         0.477678         0.477678      3.28m

[Fold 4] Best Formula: lt(and(vs_factor_span260, and(ret_norm_26d, min(macd_26_78, 0.528))), feat_momentum_rsi)
Predicting signals on Out-of-Sample data...
-> OOS raw signal coverage | Longs: 40 | Shorts: 83 | Total: 32.9% | TP/SL: 3.8/1.6
-> Executable OOS coverage | Longs: 39 | Shorts: 83 | Total: 32.6%
Running VectorBT backtest (fixed ATR barriers, no trailing stop)...

--- Out-of-Sample Results ---
Total Return [%]    -2.741924
Max Drawdown [%]     4.430536
Win Rate [%]        21.428571
Sharpe Ratio        -5.429561
dtype: object
    |   Population Average    |             Best Individual              |
---- ------------------------- ------------------------------------------ ----------
 Gen   Length          Fitness   Length          Fitness      OOB Fitness  Time Left
   0    34.57        0.0923085       13         0.351882         0.351882     57.00s
    |   Population Average    |             Best Individual              |
---- ------------------------- ------------------------------------------ ----------
 Gen   Length          Fitness   Length          Fitness      OOB Fitness  Time Left
   1    10.69          0.20763       21         0.361431         0.361431      1.72m
    |   Population Average    |             Best Individual              |
---- ------------------------- ------------------------------------------ ----------
 Gen   Length          Fitness   Length          Fitness      OOB Fitness  Time Left
   2     5.69         0.234189       15          0.38748          0.38748      2.39m

[Fold 5] Best Formula: neg(min(abs(add(macd_52_156, feat_icp)), and(gt(macd_26_78, and(ewma_vol_span260, macd_52_156)), or(feat_icp, feat_momentum_rsi))))
Predicting signals on Out-of-Sample data...
-> OOS raw signal coverage | Longs: 17 | Shorts: 94 | Total: 28.6% | TP/SL: 3.8/1.6
-> Executable OOS coverage | Longs: 11 | Shorts: 94 | Total: 27.1%
2026-05-07 13:27:16 | INFO     | __main__ | [Fold 5] HARD FAIL — cold start next fold.
2026-05-07 13:27:16 | INFO     | __main__ | --- FOLD 6 | Train: 2016-07-16→2017-01-16 | Test: 2017-01-16→2017-03-16 ---
2026-05-07 13:27:16 | INFO     | __main__ | [Fold 6] Regime detected: trending_random_walk
2026-05-07 13:27:16 | INFO     | __main__ | [Fold 6] Regime family flip mean_reverting→trending_random_walk — discarding seeds.
2026-05-07 13:27:16 | INFO     | src.gp_engine | [Fold 6] Initialising GP Engine | regime=trending_random_walk ...
2026-05-07 13:27:16 | INFO     | src.gp_engine | [Fold 6] Fitness weights | pearson=0.70 | direction=0.30
2026-05-07 13:27:16 | INFO     | src.gp_engine | [Fold 6] Regime HP | parsimony=(0.0000, 0.0010, 0.0040) | crossover=0.6500 | depth_max=7
2026-05-07 13:27:16 | INFO     | src.gp_engine | [Fold 6] No seeds — starting phased cold-start evolution.
2026-05-07 13:27:26 | INFO     | src.gp_engine | [Fold 6] Best formula: sub(or(mul(or(ret_norm_1d, ret_norm_6d), gt(ret_norm_13d, feat_local_structure)), min(abs(vs_factor_span260), abs(ret_norm_26d))), add(if_then(and(gt(gt(sub(ret_norm_3d, feat_momentum_rsi), macd_8_24), ret_norm_65d), macd_52_156), add(ret_norm_26d, ret_norm_65d), if_then(feat_efficiency, feat_vol_asymmetry, feat_momentum_rsi)), or(add(feat_local_structure, ret_norm_130d), neg(ewma_vol_span260))))
2026-05-07 13:27:26 | INFO     | __main__ | [Fold 6] Signal OK — unique_ratio=0.9978 | norm_entropy=0.8264 | long_cov=0.151 | short_cov=0.151 | Thresholds → Buy: 1.2518 | Sell: -0.9876
2026-05-07 13:27:27 | INFO     | __main__ | [Fold 6] ✓ SURVIVOR | Return: 6.39% | Sharpe: 12.92
2026-05-07 13:27:27 | INFO     | src.gp_engine | Extracted 600 elite programs (pool size=3000).
2026-05-07 13:27:27 | INFO     | __main__ | [Fold 6] HARD WIN — 600 seeds → fold 7.
2026-05-07 13:27:27 | INFO     | __main__ | --- FOLD 7 | Train: 2016-08-16→2017-02-16 | Test: 2017-02-16→2017-04-16 ---
2026-05-07 13:27:27 | INFO     | __main__ | [Fold 7] Regime detected: trending_random_walk
2026-05-07 13:27:27 | INFO     | src.gp_engine | [Fold 7] Initialising GP Engine | regime=trending_random_walk ...
2026-05-07 13:27:27 | INFO     | src.gp_engine | [Fold 7] Fitness weights | pearson=0.70 | direction=0.30
2026-05-07 13:27:27 | INFO     | src.gp_engine | [Fold 7] Probabilities normalized (scale: 0.9975) | Sum: 0.9980
2026-05-07 13:27:27 | INFO     | src.gp_engine | [Fold 7] Regime HP | parsimony=(0.0000, 0.0010, 0.0040) | crossover=0.6484 | depth_max=6
2026-05-07 13:27:27 | INFO     | src.gp_engine | [Fold 7] Starting 3-Phase Seeded Run...
2026-05-07 13:27:31 | INFO     | src.gp_engine | [Fold 7] Injecting 600 seeds into Gen 14 population.
2026-05-07 13:27:31 | INFO     | src.gp_engine | [Fold 7] Population sanitized — n_features=21. Patched 0 terminals.
2026-05-07 13:27:39 | INFO     | src.gp_engine | [Fold 7] Best formula: gt(-0.753, and(neg(macd_26_78), and(ret_norm_26d, ret_norm_130d)))
2026-05-07 13:27:39 | INFO     | __main__ | [Fold 7] Signal OK — unique_ratio=0.9751 | norm_entropy=0.8254 | long_cov=0.151 | short_cov=0.151 | Thresholds → Buy: 0.9883 | Sell: -0.8859
2026-05-07 13:27:39 | INFO     | __main__ | [Fold 7] HARD FAIL — cold start next fold.
2026-05-07 13:27:39 | INFO     | __main__ | --- FOLD 8 | Train: 2016-09-16→2017-03-16 | Test: 2017-03-16→2017-05-16 ---
2026-05-07 13:27:39 | INFO     | __main__ | [Fold 8] Regime detected: trending_random_walk
2026-05-07 13:27:39 | INFO     | src.gp_engine | [Fold 8] Initialising GP Engine | regime=trending_random_walk ...
2026-05-07 13:27:39 | INFO     | src.gp_engine | [Fold 8] Fitness weights | pearson=0.70 | direction=0.30
2026-05-07 13:27:39 | INFO     | src.gp_engine | [Fold 8] Regime HP | parsimony=(0.0000, 0.0010, 0.0040) | crossover=0.6500 | depth_max=7
2026-05-07 13:27:39 | INFO     | src.gp_engine | [Fold 8] No seeds — starting phased cold-start evolution.
2026-05-07 13:27:50 | INFO     | src.gp_engine | [Fold 8] Best formula: add(gt(mul(ret_norm_260d, ret_norm_130d), min(feat_efficiency, abs(feat_vol_asymmetry))), if_then(if_then(ret_norm_260d, ewma_vol_span260, ret_norm_260d), ret_norm_65d, gt(macd_52_156, feat_vol_squeeze)))
2026-05-07 13:27:50 | INFO     | __main__ | [Fold 8] Signal OK — unique_ratio=0.9239 | norm_entropy=0.8990 | long_cov=0.150 | short_cov=0.150 | Thresholds → Buy: 1.8106 | Sell: -0.8252
2026-05-07 13:27:51 | INFO     | __main__ | [Fold 8] HARD FAIL — cold start next fold.
2026-05-07 13:27:51 | INFO     | __main__ | --- FOLD 9 | Train: 2016-10-16→2017-04-16 | Test: 2017-04-16→2017-06-16 ---
2026-05-07 13:27:51 | INFO     | __main__ | [Fold 9] Regime detected: trending_random_walk
2026-05-07 13:27:51 | INFO     | src.gp_engine | [Fold 9] Initialising GP Engine | regime=trending_random_walk ...
2026-05-07 13:27:51 | INFO     | src.gp_engine | [Fold 9] Fitness weights | pearson=0.70 | direction=0.30
2026-05-07 13:27:51 | INFO     | src.gp_engine | [Fold 9] Regime HP | parsimony=(0.0000, 0.0010, 0.0040) | crossover=0.6500 | depth_max=7
2026-05-07 13:27:51 | INFO     | src.gp_engine | [Fold 9] No seeds — starting phased cold-start evolution.
2026-05-07 13:28:02 | INFO     | src.gp_engine | [Fold 9] Best formula: neg(gt(abs(gt(ret_norm_6d, feat_vol_asymmetry)), add(max(feat_session_cos, macd_52_156), mul(ret_norm_260d, gt(if_then(feat_local_structure, feat_momentum_rsi, macd_52_156), neg(macd_52_156))))))
2026-05-07 13:28:02 | INFO     | __main__ | [Fold 9] Signal OK — unique_ratio=0.6550 | norm_entropy=0.5359 | long_cov=0.151 | short_cov=0.150 | Thresholds → Buy: 1.0000 | Sell: -0.9578
2026-05-07 13:28:02 | INFO     | __main__ | [Fold 9] HARD FAIL — cold start next fold.
2026-05-07 13:28:02 | INFO     | __main__ | --- FOLD 10 | Train: 2016-11-16→2017-05-16 | Test: 2017-05-16→2017-07-16 ---
2026-05-07 13:28:02 | INFO     | __main__ | [Fold 10] ROTATION — 'feat_vol_asymmetry' excluded.
2026-05-07 13:28:02 | INFO     | __main__ | [Fold 10] Regime detected: trending_random_walk
2026-05-07 13:28:02 | INFO     | src.gp_engine | [Fold 10] Initialising GP Engine | regime=trending_random_walk ...
2026-05-07 13:28:02 | INFO     | src.gp_engine | [Fold 10] Fitness weights | pearson=0.70 | direction=0.30
2026-05-07 13:28:02 | INFO     | src.gp_engine | [Fold 10] Regime HP | parsimony=(0.0000, 0.0010, 0.0040) | crossover=0.6500 | depth_max=7
2026-05-07 13:28:02 | INFO     | src.gp_engine | [Fold 10] No seeds — starting phased cold-start evolution.
2026-05-07 13:28:13 | INFO     | src.gp_engine | [Fold 10] Best formula: max(sub(feat_session_sin, gt(ret_norm_130d, min(add(macd_26_78, macd_8_24), feat_vol_squeeze))), lt(min(and(ret_norm_13d, feat_session_sin), max(ret_norm_1d, vs_factor_span260)), neg(mul(feat_local_structure, feat_local_structure))))
2026-05-07 13:28:13 | INFO     | __main__ | [Fold 10] Signal OK — unique_ratio=0.9930 | norm_entropy=0.9391 | long_cov=0.150 | short_cov=0.150 | Thresholds → Buy: 1.1731 | Sell: -0.4113
Running VectorBT backtest (fixed ATR barriers, no trailing stop)...

--- Out-of-Sample Results ---
Total Return [%]    -8.675599
Max Drawdown [%]    10.179747
Win Rate [%]        10.526316
Sharpe Ratio       -19.435355
dtype: object
    |   Population Average    |             Best Individual              |
---- ------------------------- ------------------------------------------ ----------
 Gen   Length          Fitness   Length          Fitness      OOB Fitness  Time Left
   0    54.40        0.0880523       20          0.35381          0.35381     58.49s
    |   Population Average    |             Best Individual              |
---- ------------------------- ------------------------------------------ ----------
 Gen   Length          Fitness   Length          Fitness      OOB Fitness  Time Left
   1    24.02         0.209118       38          0.39557          0.39557      2.13m
    |   Population Average    |             Best Individual              |
---- ------------------------- ------------------------------------------ ----------
 Gen   Length          Fitness   Length          Fitness      OOB Fitness  Time Left
   2    13.38         0.253105       38         0.417095         0.417095      2.96m

[Fold 6] Best Formula: sub(or(mul(or(ret_norm_1d, ret_norm_6d), gt(ret_norm_13d, feat_local_structure)), min(abs(vs_factor_span260), abs(ret_norm_26d))), add(if_then(and(gt(gt(sub(ret_norm_3d, feat_momentum_rsi), macd_8_24), ret_norm_65d), macd_52_156), add(ret_norm_26d, ret_norm_65d), if_then(feat_efficiency, feat_vol_asymmetry, feat_momentum_rsi)), or(add(feat_local_structure, ret_norm_130d), neg(ewma_vol_span260))))
Predicting signals on Out-of-Sample data...
-> OOS raw signal coverage | Longs: 83 | Shorts: 38 | Total: 34.7% | TP/SL: 3.8/1.6
-> Executable OOS coverage | Longs: 83 | Shorts: 35 | Total: 33.8%
Running VectorBT backtest (fixed ATR barriers, no trailing stop)...

--- Out-of-Sample Results ---
Total Return [%]     6.386357
Max Drawdown [%]     2.060355
Win Rate [%]        58.823529
Sharpe Ratio        12.917481
dtype: object
    |   Population Average    |             Best Individual              |
---- ------------------------- ------------------------------------------ ----------
 Gen   Length          Fitness   Length          Fitness      OOB Fitness  Time Left
   0    33.57         0.104922       30         0.315552         0.315552     48.51s
    |   Population Average    |             Best Individual              |
---- ------------------------- ------------------------------------------ ----------
 Gen   Length          Fitness   Length          Fitness      OOB Fitness  Time Left
   1     5.78         0.158095        6          0.35809          0.35809      1.95m
    |   Population Average    |             Best Individual              |
---- ------------------------- ------------------------------------------ ----------
 Gen   Length          Fitness   Length          Fitness      OOB Fitness  Time Left
   2     5.82         0.170147        8         0.411618         0.411618      4.51m

[Fold 7] Best Formula: gt(-0.753, and(neg(macd_26_78), and(ret_norm_26d, ret_norm_130d)))
Predicting signals on Out-of-Sample data...
-> OOS raw signal coverage | Longs: 54 | Shorts: 48 | Total: 32.1% | TP/SL: 3.8/1.6
-> Executable OOS coverage | Longs: 53 | Shorts: 48 | Total: 31.8%
Running VectorBT backtest (fixed ATR barriers, no trailing stop)...

--- Out-of-Sample Results ---
Total Return [%]    -0.324645
Max Drawdown [%]     2.447095
Win Rate [%]        41.666667
Sharpe Ratio        -0.862986
dtype: object
    |   Population Average    |             Best Individual              |
---- ------------------------- ------------------------------------------ ----------
 Gen   Length          Fitness   Length          Fitness      OOB Fitness  Time Left
   0    52.82         0.105436       33         0.305731         0.305731      1.08m
    |   Population Average    |             Best Individual              |
---- ------------------------- ------------------------------------------ ----------
 Gen   Length          Fitness   Length          Fitness      OOB Fitness  Time Left
   1    34.38         0.204372       16          0.35292          0.35292      2.09m
    |   Population Average    |             Best Individual              |
---- ------------------------- ------------------------------------------ ----------
 Gen   Length          Fitness   Length          Fitness      OOB Fitness  Time Left
   2    10.42         0.230871       18         0.406337         0.406337      2.77m

[Fold 8] Best Formula: add(gt(mul(ret_norm_260d, ret_norm_130d), min(feat_efficiency, abs(feat_vol_asymmetry))), if_then(if_then(ret_norm_260d, ewma_vol_span260, ret_norm_260d), ret_norm_65d, gt(macd_52_156, feat_vol_squeeze)))
Predicting signals on Out-of-Sample data...
-> OOS raw signal coverage | Longs: 40 | Shorts: 64 | Total: 28.3% | TP/SL: 3.8/1.6
-> Executable OOS coverage | Longs: 35 | Shorts: 64 | Total: 27.0%
Running VectorBT backtest (fixed ATR barriers, no trailing stop)...

--- Out-of-Sample Results ---
Total Return [%]    -3.454999
Max Drawdown [%]      3.53956
Win Rate [%]             10.0
Sharpe Ratio       -11.837028
dtype: object
    |   Population Average    |             Best Individual              |
---- ------------------------- ------------------------------------------ ----------
 Gen   Length          Fitness   Length          Fitness      OOB Fitness  Time Left
   0    51.62         0.106207        6         0.327548         0.327548      1.01m
    |   Population Average    |             Best Individual              |
---- ------------------------- ------------------------------------------ ----------
 Gen   Length          Fitness   Length          Fitness      OOB Fitness  Time Left
   1    34.44         0.204924       16         0.425222         0.425222      2.43m
    |   Population Average    |             Best Individual              |
---- ------------------------- ------------------------------------------ ----------
 Gen   Length          Fitness   Length          Fitness      OOB Fitness  Time Left
   2     8.73         0.258723       19         0.434977         0.434977      2.59m

[Fold 9] Best Formula: neg(gt(abs(gt(ret_norm_6d, feat_vol_asymmetry)), add(max(feat_session_cos, macd_52_156), mul(ret_norm_260d, gt(if_then(feat_local_structure, feat_momentum_rsi, macd_52_156), neg(macd_52_156))))))
Predicting signals on Out-of-Sample data...
-> OOS raw signal coverage | Longs: 83 | Shorts: 28 | Total: 32.7% | TP/SL: 3.8/1.6
-> Executable OOS coverage | Longs: 81 | Shorts: 25 | Total: 31.3%
Running VectorBT backtest (fixed ATR barriers, no trailing stop)...

--- Out-of-Sample Results ---
Total Return [%]    -3.722571
Max Drawdown [%]       4.6821
Win Rate [%]             25.0
Sharpe Ratio       -10.406099
dtype: object
    |   Population Average    |             Best Individual              |
---- ------------------------- ------------------------------------------ ----------
 Gen   Length          Fitness   Length          Fitness      OOB Fitness  Time Left
   0    52.66        0.0892082       25          0.35744          0.35744     56.34s
    |   Population Average    |             Best Individual              |
---- ------------------------- ------------------------------------------ ----------
 Gen   Length          Fitness   Length          Fitness      OOB Fitness  Time Left
   1    37.53         0.191216       19         0.374726         0.374726      2.08m
    |   Population Average    |             Best Individual              |
---- ------------------------- ------------------------------------------ ----------
 Gen   Length          Fitness   Length          Fitness      OOB Fitness  Time Left
   2    16.36         0.236091       22         0.456842         0.456842      3.00m

[Fold 10] Best Formula: max(sub(feat_session_sin, gt(ret_norm_130d, min(add(macd_26_78, macd_8_24), feat_vol_squeeze))), lt(min(and(ret_norm_13d, feat_session_sin), max(ret_norm_1d, vs_factor_span260)), neg(mul(feat_local_structure, feat_local_structure))))
Predicting signals on Out-of-Sample data...
2026-05-07 13:28:13 | INFO     | __main__ | [Fold 10] HARD FAIL — cold start next fold.
2026-05-07 13:28:13 | INFO     | __main__ | --- FOLD 11 | Train: 2016-12-16→2017-06-16 | Test: 2017-06-16→2017-08-16 ---
2026-05-07 13:28:13 | INFO     | __main__ | [Fold 11] Regime detected: trending_random_walk
2026-05-07 13:28:13 | INFO     | src.gp_engine | [Fold 11] Initialising GP Engine | regime=trending_random_walk ...
2026-05-07 13:28:13 | INFO     | src.gp_engine | [Fold 11] Fitness weights | pearson=0.70 | direction=0.30
2026-05-07 13:28:13 | INFO     | src.gp_engine | [Fold 11] Regime HP | parsimony=(0.0000, 0.0010, 0.0040) | crossover=0.6500 | depth_max=7
2026-05-07 13:28:13 | INFO     | src.gp_engine | [Fold 11] No seeds — starting phased cold-start evolution.
/home/ayanmarvin124/gplearn/trade_discovery/src/gp_engine.py:134: RuntimeWarning:

overflow encountered in divide

2026-05-07 13:28:24 | INFO     | src.gp_engine | [Fold 11] Best formula: min(mul(gt(feat_vol_squeeze, mul(macd_52_156, ret_norm_130d)), or(mul(ret_norm_260d, ret_norm_260d), min(ret_norm_6d, feat_efficiency))), div(or(or(ret_norm_6d, feat_vol_squeeze), mul(0.247, -0.728)), abs(mul(feat_momentum_rsi, feat_local_structure))))
2026-05-07 13:28:24 | INFO     | __main__ | [Fold 11] Signal OK — unique_ratio=0.9958 | norm_entropy=0.8171 | long_cov=0.151 | short_cov=0.151 | Thresholds → Buy: 0.4947 | Sell: -2.8243
2026-05-07 13:28:24 | INFO     | __main__ | [Fold 11] HARD FAIL — cold start next fold.
2026-05-07 13:28:24 | INFO     | __main__ | --- FOLD 12 | Train: 2017-01-16→2017-07-16 | Test: 2017-07-16→2017-09-16 ---
2026-05-07 13:28:25 | INFO     | __main__ | [Fold 12] Regime detected: mean_reverting
2026-05-07 13:28:25 | INFO     | __main__ | [Fold 12] Regime family flip trending_random_walk→mean_reverting — discarding seeds.
2026-05-07 13:28:25 | INFO     | src.gp_engine | [Fold 12] Initialising GP Engine | regime=mean_reverting ...
2026-05-07 13:28:25 | INFO     | src.gp_engine | [Fold 12] Fitness weights | pearson=0.70 | direction=0.30
2026-05-07 13:28:25 | INFO     | src.gp_engine | [Fold 12] Regime HP | parsimony=(0.0010, 0.0030, 0.0080) | crossover=0.5500 | depth_max=6
2026-05-07 13:28:25 | INFO     | src.gp_engine | [Fold 12] No seeds — starting phased cold-start evolution.
